
 =================================================================

  PARSEC 1.4_DEV - Real-space DFT Program
  under development - use at your own risk !!
  
  begin BUILD_DETAILS 
   git commit  : f432777
  config file  : ubuntu_gnu
  end BUILD_DETAILS 
  parallel run - using            2  PEs 

 starting run on 28-SEP-2026 13:58:02 -0700 UTC

 =================================================================

 Initial Run - starting from atomic potentials
 ignoresym= F

 Grid data:
 ~~------~~

 WARNING: Cluster Calculation Domain Shape Unspecified
  Assuming Spherical Shape
 Confined system (cluster) with zero boundary condition!
  Spherical domain shape:
 --- Radius is   6.000000 bohrs
 Grid spacing is  0.500000 bohrs
 Grid points are shifted from origin! 
 shift vector =   0.5000  0.5000  0.5000   [units of grid spacing]
 WAVEFUNCTIONS ARE REAL!
 The Finite-difference expansion is of order  6

 Eigenvalue data: 
 ---------------- 
 Number of states:           20
 Net cluster charge =    0.000      [e] 

 Fermi temperature =    300.00 [K]

 Self-consistency data: 
 ----------------------
 Maximum number of iterations is           60
 Using first-filter solver
 Polynomial degree for First-filter is     20
 The matvec operations are (mostly) called to with... 
 ... block size:            6
 Maximum number of communication buffers in matvec:           2
 Maximum iteration number for First-filter is      2


 Performing Chebyshev subspace filtering
 Polynomial degree for Chebyshev filtering is     15
 Change in polynomial degree (dpm) for Chebyshev filtering is      3
 Performing Rayleigh-Ritz rotation on all SCF iterations

  Self-consistency convergence criterion is    5.0000000000000001E-003  Ry
  Self-consistency convergence indicator is at  0.50000000000000000       Ry
 If applicable, Chebyshev polynomial order will decrease to 
 10 after SRE becomes less than the self-consistency 
 convergence indicator.
  Diagonalization tolerance is    1.0000000000000000E-004
 Buffer size in subspace is      6


 Mixer data:
 -----------
 solver lpole is :            9
 Anderson mixer
 Initial Jacobian:  0.250  Mixing memory is  4
 Mixing restarted after           20  iterations

 Atom data:
 --~--~--~-

 Tot. # of atom types is     2

 Atom coordinates input in Bohr radii


 Chemical element : Au
 martins_new                                                 
  pseudopotential format : new Martins
 There are      1 Au atoms
 and their initial coordinates are:

    x [bohr]          y [bohr]          z [bohr]     movable?
    2.890000000       0.000000000       0.000000000      1

 Chemical element : H
 martins_new                                                 
  pseudopotential format : new Martins
 There are      1 H  atoms
 and their initial coordinates are:

    x [bohr]          y [bohr]          z [bohr]     movable?
    0.000000000       0.000000000       0.000000000      1
  Spin-Orbit corrected computation!

 Self-Consistent Spin-Orbit Correction!


 Tot. number of atoms =       2

 Correlation data:
 -----------------
 Exchange-Correlation functional is ca
 LDA, Ceperley-Alder, Perdew-Zunger parametrization

 Other input data:
 -----------------
 Writing all calculated wave functions to parsec.dat file

 Spin-polarized computation!

 Initial spin polarization: 
  Au          0.1000
  H           0.1000


 Using new (r*V_ps) interpolation of pseudopot. !

 output level [1 - 6] =  0

 Generating Eigenvalue Output File!
 Writing all calculated eigenvalues to eigen.dat

 outevflag =            2

 No minimization!

 No molecular dynamics!
 No polarizability!



 Pseudopotential messages
 ------------------------

 Pseudopotential file for atom type  1 is Au_POTRE.DAT
New Martins generator


Au  ca  rel  nc  
  atom 5.69p25-OCT- 6   Improved Troullier - Martins potential
 6s(  1.00)r rc= 2.476p(  0.00)r rc= 2.985d( 10.00)r rc= 2.00

 ion charge =   11.00    

 logarithmic parameters of pseudopot. radial grid
 r(i) = a*Exp(b(i-1)) - c
 Au:   a [bohr] =  0.313766E-04  b =  0.125000E-01  c [bohr] =  0.313766E-04

 NOTICE: No Core-Correction !

 Occupancy of orbitals : 
   1.000   0.000  10.000
 # of pseudopot= 3, Local component is l = 0, Core radius [bohr] =  3.02

 Pseudopotential file for atom type  2 is H_POTRE.DAT
New Martins generator


H   ca  nrl  nc  
  atom 5.69p25-OCT- 6   Improved Troullier - Martins potential
 1s(  1.00)  rc= 1.002p(  0.00)  rc= 1.193d(  0.00)  rc= 1.19

 ion charge =   1.000    

 logarithmic parameters of pseudopot. radial grid
 r(i) = a*Exp(b(i-1)) - c
 H :   a [bohr] =  0.247875E-02  b =  0.125000E-01  c [bohr] =  0.247875E-02

 NOTICE: No Core-Correction !

 Occupancy of orbitals : 
   1.000   0.000   0.000
 # of pseudopot= 3, Local component is l = 0, Core radius [bohr] =  1.20

 Using order          18 for calculating dV/dr in pseudo
 
 KB integrals for channels P_up P_dn D_up D_dn
  Au   SO K-B Int. [Ry]     0.04744493     0.01783225    -5.23087502    -5.33593504

 Normalization check and Kleinman-Bylander Integral

                                 s                 p                 d
  Au   Normalization        1.00002248        1.00002298        1.00001383
  Au   K-B Int. [Ry]        0.00000000        0.03757404       -5.27289903

  H    Normalization        1.00002604        0.99224526        0.99070849
  H    K-B Int. [Ry]        0.00000000       -0.00000000       -0.00000000

 K-B Energy Integrals renormalized to unity


 WARNING: atom coordinates were shifted so
 that the cluster is centered at the origin

 The new atom coordinates are:
    1.445000000       0.000000000       0.000000000
   -1.445000000       0.000000000       0.000000000

 Symmetry Properties:
 --------------------

 The crystallographic system is cubic with operations: 
       1  2  3  4  5  6  7  8  9 10 11 12 13 14 15 16
      17 18 19 20 21 22 23 24 25 26 27 28 29 30 31 32
      33 34 35 36 37 38 39 40 41 42 43 44 45 46 47 48


 The space group of the crystal is symmorphic
 (this usually means that symmetry operations do not
 involve rotations and translations simultaneously)

 Operation number: 
       1  2 19 20 27 28 41 42


    Rotation matrices (r-lattice) and fractional translations (r-lattice)

    1     1  0  0     0  1  0     0  0  1     -0.00000 -0.00000 -0.00000   E  
    2     1  0  0     0 -1  0     0  0 -1     -0.00000 -0.00000 -0.00000   C2 
    3     1  0  0     0  0  1     0 -1  0     -0.00000 -0.00000 -0.00000   C4 
    4     1  0  0     0  0 -1     0  1  0     -0.00000 -0.00000 -0.00000   C4 
    5     1  0  0     0 -1  0     0  0  1     -0.00000 -0.00000 -0.00000   IC2
    6     1  0  0     0  1  0     0  0 -1     -0.00000 -0.00000 -0.00000   IC2
    7     1  0  0     0  0  1     0  1  0     -0.00000 -0.00000 -0.00000   IC2
    8     1  0  0     0  0 -1     0 -1  0     -0.00000 -0.00000 -0.00000   IC2

Abelian subgroup contains only the Identity operation

                     ********************                    

  Distributing            2  processors among            1  groups.
  Each group contains            2  processors.

                     ********************                    

 Setup messages:
 ---------------
 The Hamiltonian matrix size is        7208
  reduced size is         7208
  maximum distance between grid points and their images is
    0.000      [bohr]

 There are 18 laplacian-related non-diagonal elements per row
  GROUP COMMUNICATOR FOR MATVEC IS THE NEIGHBORHOOD GRAPH COMMUNICATOR!
  WARNING: MATVEC NEIGHBORHOOD COLLECTIVES ARE ACTIVATED 
  WARNING: MATVEC NON-BLOCKING ALLREDUCE IS ACTIVATED 

  Maximum number of matrix-vector operations =        72120


  Calculating the non-local contribution to the Hamiltonian...


 Non-local pseudopotential messages:
 -----------------------------------
 Max # of nonlocal points for one atom =          932

 Sizes of all non-local blocks 
   932    56
 Tot. number of atoms with spin-orbit term =           1


 Memory usage:
 -------------
 estimated memory usage per PE    :     6.74 MB
 additional memory in master PE   :     1.10 MB
 maximum estimated memory per PE  :     7.85 MB

 Tot. electron charge from atomic density [e] =       11.958    
 Renormalizing charge density
 Initial magnetic moment [Bohr magnetons] =      2.40000

 Charge init time [sec]:       0.00

 Tot. electron charge from atomic density [e] =       12.000    

 Max and min values of charge density [e/bohr^3]:   0.5208E+00   0.3699E-04   up

 Max and min values of charge density [e/bohr^3]:   0.4261E+00   0.3027E-04   dn

 Hartree potential time [sec]:       0.00


Setup time [sec] :       0.02

 -----------------------------------------------------------------


  Starting SCF... 

  CHEBFF: upperb=     86.627402  lowerb=     28.537289  lowb0=     -0.507767
  CHEBFF: true bnds used:  upperb=     86.627402  lowerb=     28.537289
CHEBFF Loop time [sec]:       0.04
  CHEBFF: true bnds used:  upperb=     86.627402  lowerb=      3.300130
CHEBFF Loop time [sec]:       0.03
  CHEBFF: upperb=     86.874308  lowerb=     28.638231  lowb0=     -0.479808
  CHEBFF: true bnds used:  upperb=     86.874308  lowerb=     28.638231
CHEBFF Loop time [sec]:       0.03
  CHEBFF: true bnds used:  upperb=     86.874308  lowerb=      3.232163
CHEBFF Loop time [sec]:       0.03
  SPIN UP
 Number of converged eigen-pairs per representation:          26
 Number of matrix-vector multiplications:         1102
 Cumulated number of matrix-vector mult. =         1102
  SPIN DOWN
 Number of converged eigen-pairs per representation:          26
 Number of matrix-vector multiplications:         1102
 Cumulated number of matrix-vector mult. =         2204

 Diagonalization time [sec] :       0.13,      tdiag_sum =        0.13


 Electrons in up, down spins:    6.00    6.00
 Net magnetic moment (in Bohr magnetons):    0.00

 Fermi level at    -0.7229 [Ry]

up State   Eigenvalue [Ry]      Eigenvalue [eV]    Occup.     Repr.

    1        -1.3096874524       -17.8193455394    1.0000        1
    2        -1.0853816959       -14.7674862775    1.0000        1
    3        -1.0200041370       -13.8779722868    1.0000        1
    4        -1.0196120888       -13.8726381583    1.0000        1
    5        -0.9895349584       -13.4634147376    1.0000        1
    6        -0.8460083850       -11.5106208849    1.0000        1
    7        -0.4118959336        -5.6041736935    0.0000        1
    8        -0.1141344903        -1.5528910485    0.0000        1
    9        -0.1014312656        -1.3800535135    0.0000        1
   10         0.3076487275         4.1858070569    0.0000        1
   11         0.3762876735         5.1196948286    0.0000        1
   12         0.4026902455         5.4789229424    0.0000        1
   13         0.5081199033         6.9133777797    0.0000        1
   14         0.5881253533         8.0019159320    0.0000        1
   15         0.6358477921         8.6512178893    0.0000        1
   16         0.8500208885        11.5652142042    0.0000        1
   17         0.9041344409        12.3014723764    0.0000        1
   18         0.9318421336        12.6784577016    0.0000        1
   19         0.9636020607        13.1105769177    0.0000        1
   20         1.0375869157        14.1172000575    0.0000        1


dn State   Eigenvalue [Ry]      Eigenvalue [eV]    Occup.     Repr.

    1        -1.2399097877       -16.8699645898    1.0000        1
    2        -1.0010280656       -13.6197876555    1.0000        1
    3        -0.9396381063       -12.7845281463    1.0000        1
    4        -0.9385060955       -12.7691262336    1.0000        1
    5        -0.9092045860       -12.3704557566    1.0000        1
    6        -0.7881615090       -10.7235678587    1.0000        1
    7        -0.3554704238        -4.8364594926    0.0000        1
    8        -0.0883019739        -1.2014189958    0.0000        1
    9        -0.0813585996        -1.1069488341    0.0000        1
   10         0.3748485686         5.1001146545    0.0000        1
   11         0.4454679193         6.0609474162    0.0000        1
   12         0.4583840710         6.2366819926    0.0000        1
   13         0.5070160411         6.8983588516    0.0000        1
   14         0.5544735362         7.5440560389    0.0000        1
   15         0.6270348837         8.5313112201    0.0000        1
   16         0.9048252219        12.3108710036    0.0000        1
   17         0.9097823446        12.3783166235    0.0000        1
   18         0.9282303960        12.6293171213    0.0000        1
   19         0.9597661854        13.0583867650    0.0000        1
   20         0.9983748382        13.5836883736    0.0000        1


 Max and min values of charge density [e/bohr^3]:   0.2860E+00   0.1269E-06   up

 Max and min values of charge density [e/bohr^3]:   0.2820E+00   0.8767E-07   dn

 Hartree potential time [sec]:       0.01


   Eigenvalue Energy             =         -12.08667687 [Ry]
   Hartree Energy                =          76.84673060 [Ry]
   Integral_{Vxc*rho}            =         -15.26332522 [Ry]
   Exc = Integral{eps_xc*rho}    =         -11.65755003 [Ry]
   Electron-Ion energy           =        -134.40281658 [Ry]
   Ion-Ion Energy                =           7.61245675 [Ry]

   Total Energy =           -67.99424099 [Ry]
   Energy/atom  =          -462.55802205 [eV]


  0-  1 up SRE of pot. & charge weighted pot =   8.3685278250    0.9235587826


  0-  1 dn SRE of pot. & charge weighted pot =   7.7678196135    0.8459857934

  SPIN UP
 Number of converged eigen-pairs per representation:          25
 Number of matrix-vector multiplications:          408
 Cumulated number of matrix-vector mult. =         2612
  SPIN DOWN
 Number of converged eigen-pairs per representation:          25
 Number of matrix-vector multiplications:          408
 Cumulated number of matrix-vector mult. =         3020

 Diagonalization time [sec] :       0.04,      tdiag_sum =        0.17


 Electrons in up, down spins:    6.00    6.00
 Net magnetic moment (in Bohr magnetons):    0.00

 Fermi level at    -0.5834 [Ry]

up State   Eigenvalue [Ry]      Eigenvalue [eV]    Occup.     Repr.

    1        -1.0875252066       -14.7966504563    1.0000        1
    2        -0.8639455696       -11.7546706311    1.0000        1
    3        -0.8063727516       -10.9713463837    1.0000        1
    4        -0.8062153807       -10.9692052268    1.0000        1
    5        -0.7757408776       -10.5545752329    1.0000        1
    6        -0.6849671098        -9.3195255029    1.0000        1
    7        -0.3236715201        -4.4038099675    0.0000        1
    8        -0.0422841785        -0.5753100758    0.0000        1
    9        -0.0419252053        -0.5704259577    0.0000        1
   10         0.3330262045         4.5310879335    0.0000        1
   11         0.4228507159         5.7532222710    0.0000        1
   12         0.4712470203         6.4116927083    0.0000        1
   13         0.4730038167         6.4355953289    0.0000        1
   14         0.5685983609         7.7362355790    0.0000        1
   15         0.5811031208         7.9063728416    0.0000        1
   16         0.8562941869        11.6505674484    0.0000        1
   17         0.8995022794        12.2384481137    0.0000        1
   18         0.9046855439        12.3089705738    0.0000        1
   19         0.9197474388        12.5138997035    0.0000        1
   20         0.9265056094        12.6058500207    0.0000        1


dn State   Eigenvalue [Ry]      Eigenvalue [eV]    Occup.     Repr.

    1        -1.0360658583       -14.0965048549    1.0000        1
    2        -0.8034755795       -10.9319280402    1.0000        1
    3        -0.7473395261       -10.1681521244    1.0000        1
    4        -0.7472096522       -10.1663850864    1.0000        1
    5        -0.7167762309        -9.7523140429    1.0000        1
    6        -0.6449722401        -8.7753633042    1.0000        1
    7        -0.2925157805        -3.9799112063    0.0000        1
    8        -0.0227716842        -0.3098269804    0.0000        1
    9        -0.0226105781        -0.3076350030    0.0000        1
   10         0.3535581340         4.8104412599    0.0000        1
   11         0.4360236710         5.9324508626    0.0000        1
   12         0.4857828194         6.6094638841    0.0000        1
   13         0.4860300315         6.6128274019    0.0000        1
   14         0.5790714544         7.8787303942    0.0000        1
   15         0.5927166561         8.0643842796    0.0000        1
   16         0.8720717940        11.8652344146    0.0000        1
   17         0.9088404335        12.3655011698    0.0000        1
   18         0.9164781855        12.4694188969    0.0000        1
   19         0.9263514956        12.6037531788    0.0000        1
   20         0.9290759014        12.6408208991    0.0000        1


 Max and min values of charge density [e/bohr^3]:   0.2731E+00   0.3915E-06   up

 Max and min values of charge density [e/bohr^3]:   0.2693E+00   0.4265E-06   dn

 Hartree potential time [sec]:       0.00


   Eigenvalue Energy             =          -9.72060598 [Ry]
   Hartree Energy                =          74.93788259 [Ry]
   Integral_{Vxc*rho}            =         -14.85921637 [Ry]
   Exc = Integral{eps_xc*rho}    =         -11.35125624 [Ry]
   Electron-Ion energy           =        -133.42352062 [Ry]
   Ion-Ion Energy                =           7.61245675 [Ry]
   (E(new)-E(old))/atom  =            -1.70797360 [eV]

   Total Energy =           -68.24530651 [Ry]
   Energy/atom  =          -464.26599565 [eV]


  0-  2 up SRE of pot. & charge weighted pot =   4.8374437736    0.5030560003


  0-  2 dn SRE of pot. & charge weighted pot =   4.3932007699    0.4456022549

  SPIN UP
 Number of converged eigen-pairs per representation:          25
 Number of matrix-vector multiplications:          408
 Cumulated number of matrix-vector mult. =         3428
  SPIN DOWN
 Number of converged eigen-pairs per representation:          25
 Number of matrix-vector multiplications:          408
 Cumulated number of matrix-vector mult. =         3836

 Diagonalization time [sec] :       0.04,      tdiag_sum =        0.22


 Electrons in up, down spins:    6.00    6.00
 Net magnetic moment (in Bohr magnetons):    0.00

 Fermi level at    -0.3740 [Ry]

up State   Eigenvalue [Ry]      Eigenvalue [eV]    Occup.     Repr.

    1        -0.8286530382       -11.2744875069    1.0000        1
    2        -0.5842719003        -7.9494866211    1.0000        1
    3        -0.5424473948        -7.3804307637    1.0000        1
    4        -0.5423904644        -7.3796561806    1.0000        1
    5        -0.5029460412        -6.8429832470    1.0000        1
    6        -0.4860200889        -6.6126921256    1.0000        1
    7        -0.1939740430        -2.6391720346    0.0000        1
    8         0.0641901169         0.8733578932    0.0000        1
    9         0.0643276816         0.8752295700    0.0000        1
   10         0.4525093712         6.1567520030    0.0000        1
   11         0.5299818964         7.2108276857    0.0000        1
   12         0.5707031221         7.7648725381    0.0000        1
   13         0.5710641995         7.7697852859    0.0000        1
   14         0.6535987528         8.8927339109    0.0000        1
   15         0.6683787518         9.0938276210    0.0000        1
   16         0.9468371975        12.8824775412    0.0000        1
   17         0.9759913846        13.2791435811    0.0000        1
   18         0.9763994545        13.2846956978    0.0000        1
   19         0.9865845024        13.4232714228    0.0000        1
   20         0.9870876155        13.4301166785    0.0000        1


dn State   Eigenvalue [Ry]      Eigenvalue [eV]    Occup.     Repr.

    1        -0.8058736171       -10.9645552591    1.0000        1
    2        -0.5569800674        -7.5781594005    1.0000        1
    3        -0.5156953820        -7.0164482279    1.0000        1
    4        -0.5156483231        -7.0158079548    1.0000        1
    5        -0.4764924323        -6.4830607360    1.0000        1
    6        -0.4688125863        -6.3785702870    1.0000        1
    7        -0.1808712886        -2.4608985778    0.0000        1
    8         0.0710022981         0.9660430672    0.0000        1
    9         0.0710896708         0.9672318434    0.0000        1
   10         0.4605172058         6.2657049989    0.0000        1
   11         0.5358409848         7.2905452716    0.0000        1
   12         0.5762419804         7.8402331368    0.0000        1
   13         0.5766134588         7.8452873980    0.0000        1
   14         0.6580019188         8.9526425065    0.0000        1
   15         0.6727787080         9.1536925451    0.0000        1
   16         0.9531686907        12.9686225716    0.0000        1
   17         0.9803938839        13.3390431058    0.0000        1
   18         0.9806686566        13.3427816077    0.0000        1
   19         0.9893954366        13.4615164307    0.0000        1
   20         0.9898658427        13.4679166824    0.0000        1


 Max and min values of charge density [e/bohr^3]:   0.2558E+00   0.5990E-06   up

 Max and min values of charge density [e/bohr^3]:   0.2534E+00   0.6273E-06   dn

 Hartree potential time [sec]:       0.00


   Eigenvalue Energy             =          -6.82623134 [Ry]
   Hartree Energy                =          72.33116198 [Ry]
   Integral_{Vxc*rho}            =         -14.31810138 [Ry]
   Exc = Integral{eps_xc*rho}    =         -10.94098314 [Ry]
   Electron-Ion energy           =        -131.90893950 [Ry]
   Ion-Ion Energy                =           7.61245675 [Ry]
   (E(new)-E(old))/atom  =            -0.50360788 [eV]

   Total Energy =           -68.31933492 [Ry]
   Energy/atom  =          -464.76960354 [eV]


  0-  3 up SRE of pot. & charge weighted pot =   0.8178914987    0.0552470767


  0-  3 dn SRE of pot. & charge weighted pot =   0.7781536285    0.0642232122

  SPIN UP
 Number of converged eigen-pairs per representation:          25
 Number of matrix-vector multiplications:          408
 Cumulated number of matrix-vector mult. =         4244
  SPIN DOWN
 Number of converged eigen-pairs per representation:          25
 Number of matrix-vector multiplications:          408
 Cumulated number of matrix-vector mult. =         4652

 Diagonalization time [sec] :       0.04,      tdiag_sum =        0.26


 Electrons in up, down spins:    6.00    6.00
 Net magnetic moment (in Bohr magnetons):    0.00

 Fermi level at    -0.3842 [Ry]

up State   Eigenvalue [Ry]      Eigenvalue [eV]    Occup.     Repr.

    1        -0.8435523675       -11.4772048024    1.0000        1
    2        -0.5868128073        -7.9840576932    1.0000        1
    3        -0.5501773838        -7.4856034487    1.0000        1
    4        -0.5501430615        -7.4851364663    1.0000        1
    5        -0.5048900198        -6.8694326311    1.0000        1
    6        -0.4836831827        -6.5808966471    1.0000        1
    7        -0.1828029386        -2.4871802223    0.0000        1
    8         0.0721819681         0.9820934209    0.0000        1
    9         0.0722610442         0.9831693147    0.0000        1
   10         0.4537583749         6.1737456977    0.0000        1
   11         0.5278072933         7.1812404717    0.0000        1
   12         0.5717799256         7.7795233111    0.0000        1
   13         0.5719977014         7.7824863259    0.0000        1
   14         0.6560519672         8.9261118552    0.0000        1
   15         0.6705211218         9.1229762796    0.0000        1
   16         0.9534471617        12.9724113925    0.0000        1
   17         0.9807976370        13.3445364896    0.0000        1
   18         0.9808957259        13.3458710674    0.0000        1
   19         0.9924033670        13.5024417310    0.0000        1
   20         0.9925581013        13.5045470144    0.0000        1


dn State   Eigenvalue [Ry]      Eigenvalue [eV]    Occup.     Repr.

    1        -0.8296029270       -11.2874115039    1.0000        1
    2        -0.5701679845        -7.7575915641    1.0000        1
    3        -0.5338140155        -7.2629667323    1.0000        1
    4        -0.5337854117        -7.2625775543    1.0000        1
    5        -0.4887639287        -6.6500242610    1.0000        1
    6        -0.4735061912        -6.4424305369    1.0000        1
    7        -0.1752916546        -2.3849831936    0.0000        1
    8         0.0755995344         1.0285921450    0.0000        1
    9         0.0756544192         1.0293388961    0.0000        1
   10         0.4581659555         6.2337143570    0.0000        1
   11         0.5310720165         7.2256596428    0.0000        1
   12         0.5746954349         7.8191911486    0.0000        1
   13         0.5749218167         7.8222712532    0.0000        1
   14         0.6581858178         8.9551445998    0.0000        1
   15         0.6726536286         9.1519907397    0.0000        1
   16         0.9567574235        13.0174501528    0.0000        1
   17         0.9830284129        13.3748879808    0.0000        1
   18         0.9831207407        13.3761441731    0.0000        1
   19         0.9934821730        13.5171197500    0.0000        1
   20         0.9937379656        13.5206000130    0.0000        1


 Max and min values of charge density [e/bohr^3]:   0.2572E+00   0.6134E-06   up

 Max and min values of charge density [e/bohr^3]:   0.2557E+00   0.6309E-06   dn

 Hartree potential time [sec]:       0.01


   Eigenvalue Energy             =          -6.94889928 [Ry]
   Hartree Energy                =          72.74630202 [Ry]
   Integral_{Vxc*rho}            =         -14.40163975 [Ry]
   Exc = Integral{eps_xc*rho}    =         -11.00428508 [Ry]
   Electron-Ion energy           =        -132.12786134 [Ry]
   Ion-Ion Energy                =           7.61245675 [Ry]
   (E(new)-E(old))/atom  =            -0.03415810 [eV]

   Total Energy =           -68.32435603 [Ry]
   Energy/atom  =          -464.80376163 [eV]


  0-  4 up SRE of pot. & charge weighted pot =   0.5958019217    0.0397426587


  0-  4 dn SRE of pot. & charge weighted pot =   0.5153704986    0.0266815695

  SPIN UP
 Number of converged eigen-pairs per representation:          25
 Number of matrix-vector multiplications:          408
 Cumulated number of matrix-vector mult. =         5060
  SPIN DOWN
 Number of converged eigen-pairs per representation:          25
 Number of matrix-vector multiplications:          408
 Cumulated number of matrix-vector mult. =         5468

 Diagonalization time [sec] :       0.04,      tdiag_sum =        0.30


 Electrons in up, down spins:    6.00    6.00
 Net magnetic moment (in Bohr magnetons):    0.00

 Fermi level at    -0.3566 [Ry]

up State   Eigenvalue [Ry]      Eigenvalue [eV]    Occup.     Repr.

    1        -0.8104341072       -11.0266043764    1.0000        1
    2        -0.5507800848        -7.4938036775    1.0000        1
    3        -0.5179912304        -7.0476850820    1.0000        1
    4        -0.5179770931        -7.0474927330    1.0000        1
    5        -0.4696204861        -6.3895624092    1.0000        1
    6        -0.4552247604        -6.1936970457    1.0000        1
    7        -0.1628898253        -2.2162463844    0.0000        1
    8         0.0899324654         1.2236031382    0.0000        1
    9         0.0899622426         1.2240082805    0.0000        1
   10         0.4724226746         6.4276884257    0.0000        1
   11         0.5448551891         7.4131907315    0.0000        1
   12         0.5877382726         7.9966493889    0.0000        1
   13         0.5878435619         7.9980819349    0.0000        1
   14         0.6699913363         9.1157681230    0.0000        1
   15         0.6845580588         9.3139600371    0.0000        1
   16         0.9690227939        13.1843303286    0.0000        1
   17         0.9942650375        13.5277712478    0.0000        1
   18         0.9943130641        13.5284246882    0.0000        1
   19         1.0050271788        13.6741987894    0.0000        1
   20         1.0051012468        13.6752065433    0.0000        1


dn State   Eigenvalue [Ry]      Eigenvalue [eV]    Occup.     Repr.

    1        -0.8045555035       -10.9466212691    1.0000        1
    2        -0.5438571048        -7.3996109970    1.0000        1
    3        -0.5111157450        -6.9541386039    1.0000        1
    4        -0.5111050554        -6.9539931622    1.0000        1
    5        -0.4629425281        -6.2987034493    1.0000        1
    6        -0.4515093201        -6.1431455078    1.0000        1
    7        -0.1603116060        -2.1811676486    0.0000        1
    8         0.0903478415         1.2292546624    0.0000        1
    9         0.0903786279         1.2296735350    0.0000        1
   10         0.4736381535         6.4442259883    0.0000        1
   11         0.5458146814         7.4262453926    0.0000        1
   12         0.5883738351         8.0052967253    0.0000        1
   13         0.5884780529         8.0067146925    0.0000        1
   14         0.6701917523         9.1184949429    0.0000        1
   15         0.6847649682         9.3167752038    0.0000        1
   16         0.9696885672        13.1933887076    0.0000        1
   17         0.9944729051        13.5305994528    0.0000        1
   18         0.9945213171        13.5312581368    0.0000        1
   19         1.0046465584        13.6690201448    0.0000        1
   20         1.0047668631        13.6706569854    0.0000        1


 Max and min values of charge density [e/bohr^3]:   0.2556E+00   0.6476E-06   up

 Max and min values of charge density [e/bohr^3]:   0.2548E+00   0.6539E-06   dn

 Hartree potential time [sec]:       0.01


   Eigenvalue Energy             =          -6.60711302 [Ry]
   Hartree Energy                =          72.54179328 [Ry]
   Integral_{Vxc*rho}            =         -14.35641592 [Ry]
   Exc = Integral{eps_xc*rho}    =         -10.96996909 [Ry]
   Electron-Ion energy           =        -131.98217634 [Ry]
   Ion-Ion Energy                =           7.61245675 [Ry]
   (E(new)-E(old))/atom  =            -0.00154405 [eV]

   Total Energy =           -68.32458300 [Ry]
   Energy/atom  =          -464.80530568 [eV]


  0-  5 up SRE of pot. & charge weighted pot =   0.1341944650    0.0162673494


  0-  5 dn SRE of pot. & charge weighted pot =   0.1647463715    0.0224309952

  SPIN UP
 Number of converged eigen-pairs per representation:          25
 Number of matrix-vector multiplications:          408
 Cumulated number of matrix-vector mult. =         5876
  SPIN DOWN
 Number of converged eigen-pairs per representation:          25
 Number of matrix-vector multiplications:          408
 Cumulated number of matrix-vector mult. =         6284

 Diagonalization time [sec] :       0.04,      tdiag_sum =        0.34


 Electrons in up, down spins:    6.00    6.00
 Net magnetic moment (in Bohr magnetons):    0.00

 Fermi level at    -0.3586 [Ry]

up State   Eigenvalue [Ry]      Eigenvalue [eV]    Occup.     Repr.

    1        -0.8137055625       -11.0711151422    1.0000        1
    2        -0.5531480656        -7.5260219504    1.0000        1
    3        -0.5213459383        -7.0933285677    1.0000        1
    4        -0.5213384600        -7.0932268189    1.0000        1
    5        -0.4717925416        -6.4191149628    1.0000        1
    6        -0.4549911789        -6.1905189816    1.0000        1
    7        -0.1614597750        -2.1967894063    0.0000        1
    8         0.0919610231         1.2512032875    0.0000        1
    9         0.0919697413         1.2513219061    0.0000        1
   10         0.4731148293         6.4371057446    0.0000        1
   11         0.5449539815         7.4145348817    0.0000        1
   12         0.5884178383         8.0058954237    0.0000        1
   13         0.5884591562         8.0064575872    0.0000        1
   14         0.6707288984         9.1258032454    0.0000        1
   15         0.6851896529         9.3225533793    0.0000        1
   16         0.9704298962        13.2034750813    0.0000        1
   17         0.9954290274        13.5436082617    0.0000        1
   18         0.9954447848        13.5438226527    0.0000        1
   19         1.0065684003        13.6951683414    0.0000        1
   20         1.0065957510        13.6955404688    0.0000        1


dn State   Eigenvalue [Ry]      Eigenvalue [eV]    Occup.     Repr.

    1        -0.8114877398       -11.0409398905    1.0000        1
    2        -0.5506198374        -7.4916233838    1.0000        1
    3        -0.5187844217        -7.0584770843    1.0000        1
    4        -0.5187801837        -7.0584194234    1.0000        1
    5        -0.4693685646        -6.3861348160    1.0000        1
    6        -0.4539505793        -6.1763607912    1.0000        1
    7        -0.1608575991        -2.1885963213    0.0000        1
    8         0.0914699237         1.2445214874    0.0000        1
    9         0.0914849646         1.2447261320    0.0000        1
   10         0.4731802460         6.4379957909    0.0000        1
   11         0.5450592510         7.4159671574    0.0000        1
   12         0.5882907460         8.0041662320    0.0000        1
   13         0.5883291211         8.0046883561    0.0000        1
   14         0.6703618389         9.1208091077    0.0000        1
   15         0.6848296440         9.3176551705    0.0000        1
   16         0.9702178866        13.2005905213    0.0000        1
   17         0.9950562547        13.5385363901    0.0000        1
   18         0.9950749655        13.5387909655    0.0000        1
   19         1.0058857598        13.6858804704    0.0000        1
   20         1.0059296362        13.6864774446    0.0000        1


 Max and min values of charge density [e/bohr^3]:   0.2564E+00   0.6492E-06   up

 Max and min values of charge density [e/bohr^3]:   0.2560E+00   0.6508E-06   dn

 Hartree potential time [sec]:       0.01


   Eigenvalue Energy             =          -6.65931307 [Ry]
   Hartree Energy                =          72.68829348 [Ry]
   Integral_{Vxc*rho}            =         -14.38538636 [Ry]
   Exc = Integral{eps_xc*rho}    =         -10.99191931 [Ry]
   Electron-Ion energy           =        -132.05579704 [Ry]
   Ion-Ion Energy                =           7.61245675 [Ry]
   (E(new)-E(old))/atom  =            -0.00217139 [eV]

   Total Energy =           -68.32490218 [Ry]
   Energy/atom  =          -464.80747707 [eV]


  0-  6 up SRE of pot. & charge weighted pot =   0.0332230669    0.0037143770


  0-  6 dn SRE of pot. & charge weighted pot =   0.0272833587    0.0023529572

 ***************************************************
      The scalar relativistic SCF has converged
  Taking spin orbit correction as a perturbation now
 ***************************************************

 Spin-Orbit: each state has a magnetic moment!
    Spin is not a good quantum number here!
 ---------------------------------------------
 Net magnetic moment (in Bohr magnetons):    0.00

 Fermi level at    -0.3630 [Ry]

up State   Eigenv.[Ry]      Eigenv.[eV]    Occup.     Repr.   Spin_z [hbar]

    1        -0.820116       -11.158336    1.0000        1      0.9776
    2        -0.817906       -11.128271    1.0000        1     -0.9770
    3        -0.594457        -8.088065    1.0000        1      0.4988
    4        -0.593224        -8.071294    1.0000        1     -0.4574
    5        -0.549819        -7.480724    1.0000        1      0.1559
    6        -0.549725        -7.479445    1.0000        1     -0.1203
    7        -0.484115        -6.586767    1.0000        1      0.2178
    8        -0.483530        -6.578808    1.0000        1     -0.2664
    9        -0.444924        -6.053551    1.0000        1      0.7190
   10        -0.443233        -6.030544    1.0000        1     -0.5956
   11        -0.442594        -6.021841    1.0000        1      0.7473
   12        -0.441679        -6.009391    1.0000        1     -0.8997
   13        -0.162197        -2.206826    0.0000        1      0.9802
   14        -0.161600        -2.198698    0.0000        1     -0.9802
   15         0.071955         0.979002    0.0000        1      0.0125
   16         0.071981         0.979361    0.0000        1     -0.0323
   17         0.120874         1.644581    0.0000        1      0.0099
   18         0.120885         1.644733    0.0000        1      0.0098
   19         0.474048         6.449804    0.0000        1      0.9717
   20         0.474101         6.450523    0.0000        1     -0.9717
   21         0.545820         7.426322    0.0000        1      0.9798
   22         0.545924         7.427738    0.0000        1     -0.9796
   23         0.585548         7.966848    0.0000        1     -0.0523
   24         0.585554         7.966930    0.0000        1      0.0294
   25         0.596796         8.119889    0.0000        1      0.0100
   26         0.596805         8.120016    0.0000        1      0.0127
   27         0.669033         9.102723    0.0000        1     -0.8052
   28         0.669325         9.106704    0.0000        1      0.7908
   29         0.687095         9.348472    0.0000        1     -0.7914
   30         0.687380         9.352360    0.0000        1      0.8058
   31         0.970094        13.198898    0.0000        1     -0.9896
   32         0.970305        13.201777    0.0000        1      0.9893
   33         0.991251        13.486765    0.0000        1     -0.0228
   34         0.991261        13.486904    0.0000        1     -0.0449
   35         1.000856        13.617448    0.0000        1     -0.0078
   36         1.000867        13.617593    0.0000        1     -0.0104
   37         1.005765        13.684235    0.0000        1     -0.1592
   38         1.005780        13.684445    0.0000        1     -0.1330
   39         1.008433        13.720539    0.0000        1      0.2004
   40         1.008437        13.720597    0.0000        1      0.1780


 Max and min values of charge density [e/bohr^3]:   0.2561E+00   0.6711E-06   up

 Max and min values of charge density [e/bohr^3]:   0.2557E+00   0.6728E-06   dn

 Hartree potential time [sec]:       0.01


   Eigenvalue Energy             =          -6.66532186 [Ry]
   Hartree Energy                =          72.61311814 [Ry]
   Integral_{Vxc*rho}            =         -14.37101975 [Ry]
   Exc = Integral{eps_xc*rho}    =         -10.98101797 [Ry]
   Electron-Ion energy           =        -132.00723127 [Ry]
   Ion-Ion Energy                =           7.61245675 [Ry]
   (E(new)-E(old))/atom  =            -0.18282277 [eV]

   Total Energy =           -68.35177642 [Ry]
   Energy/atom  =          -464.99029984 [eV]


  0-  6 up SRE of pot. & charge weighted pot =   0.0599310095    0.0067035376


  0-  6 dn SRE of pot. & charge weighted pot =   0.0621110488    0.0075629543

 ***************************************************
   Spin orbit correction as a perturbation is done
  Calculating spin orbit correction self consistently
 ***************************************************
  CHEBFF: upperb=     87.082415  lowerb=     30.276864  lowb0=      1.874088
  CHEBFF: true bnds used:  upperb=     87.082415  lowerb=     30.276864
CHEBFF Loop time [sec]:       0.32
  CHEBFF: true bnds used:  upperb=     87.082415  lowerb=      3.169514
CHEBFF Loop time [sec]:       0.32
  SPIN UP
 Number of converged eigen-pairs per representation:          40
 Number of matrix-vector multiplications:         1690
 Cumulated number of matrix-vector mult. =         1690

 Diagonalization time [sec] :       0.64,      tdiag_sum =        0.99


 Spin-Orbit: each state has a magnetic moment!
    Spin is not a good quantum number here!
 ---------------------------------------------
 Net magnetic moment (in Bohr magnetons):   -0.00

 Fermi level at    -0.2547 [Ry]

up State   Eigenv.[Ry]      Eigenv.[eV]    Occup.     Repr.   Spin_z [hbar]

    1        -0.818052       -11.130252    1.0000        1      0.5617
    2        -0.816358       -11.107200    1.0000        1     -0.5608
    3        -0.592233        -8.057799    1.0000        1      0.1032
    4        -0.582468        -7.924938    1.0000        1     -0.0398
    5        -0.545210        -7.418016    1.0000        1      0.0894
    6        -0.539020        -7.333794    1.0000        1     -0.1943
    7        -0.478443        -6.509595    1.0000        1      0.1175
    8        -0.473454        -6.441722    1.0000        1     -0.1352
    9        -0.436753        -5.942373    1.0000        1      0.3267
   10        -0.435032        -5.918964    1.0000        1      0.2489
   11        -0.430315        -5.854784    1.0000        1     -0.4155
   12        -0.425079        -5.783536    1.0000        1     -0.1020
   13        -0.136313        -1.854647    0.0000        1     -0.0058
   14        -0.113314        -1.541731    0.0000        1     -0.0223
   15         0.095301         1.296640    0.0000        1      0.1293
   16         0.124151         1.689175    0.0000        1     -0.0429
   17         0.172926         2.352800    0.0000        1      0.3472
   18         0.183004         2.489912    0.0000        1     -0.4336
   19         0.580116         7.892936    0.0000        1      0.1105
   20         0.622340         8.467438    0.0000        1      0.0227
   21         0.630081         8.572749    0.0000        1      0.1917
   22         0.665440         9.053845    0.0000        1      0.0455
   23         0.686330         9.338062    0.0000        1      0.1972
   24         0.702460         9.557527    0.0000        1     -0.0668
   25         0.719225         9.785626    0.0000        1     -0.1735
   26         0.760200        10.343127    0.0000        1     -0.1760
   27         0.808282        10.997322    0.0000        1     -0.2033
   28         0.864890        11.767522    0.0000        1      0.2855
   29         0.886839        12.066154    0.0000        1      0.2944
   30         1.007331        13.705540    0.0000        1     -0.1411
   31         1.055562        14.361767    0.0000        1      0.0720
   32         1.082609        14.729760    0.0000        1      0.1503
   33         1.088738        14.813156    0.0000        1     -0.4851
   34         1.133488        15.422006    0.0000        1     -0.2107
   35         1.185697        16.132357    0.0000        1     -0.0817
   36         1.202999        16.367758    0.0000        1     -0.2424
   37         1.238492        16.850676    0.0000        1     -0.0721
   38         1.292013        17.578866    0.0000        1      0.1151
   39         1.357393        18.468424    0.0000        1      0.0980
   40         1.435161        19.526516    0.0000        1      0.0998


 Max and min values of charge density [e/bohr^3]:   0.2568E+00   0.9947E-06   up

 Max and min values of charge density [e/bohr^3]:   0.2574E+00   0.1193E-05   dn

 Hartree potential time [sec]:       0.01


   Eigenvalue Energy             =          -6.57241561 [Ry]
   Hartree Energy                =          72.08078924 [Ry]
   Integral_{Vxc*rho}            =         -14.27590874 [Ry]
   Exc = Integral{eps_xc*rho}    =         -10.90865125 [Ry]
   Electron-Ion energy           =        -131.54165728 [Ry]
   Ion-Ion Energy                =           7.61245675 [Ry]
   (E(new)-E(old))/atom  =             0.88906642 [eV]

   Total Energy =           -68.22108710 [Ry]
   Energy/atom  =          -464.10123341 [eV]


  0-  1 up SRE of pot. & charge weighted pot =   0.5909049611    0.0501300900


  0-  1 dn SRE of pot. & charge weighted pot =   0.5984293107    0.0518456325

  SPIN UP
 Number of converged eigen-pairs per representation:          40
 Number of matrix-vector multiplications:          657
 Cumulated number of matrix-vector mult. =         2347

 Diagonalization time [sec] :       0.25,      tdiag_sum =        1.24


 Spin-Orbit: each state has a magnetic moment!
    Spin is not a good quantum number here!
 ---------------------------------------------
 Net magnetic moment (in Bohr magnetons):   -0.00

 Fermi level at    -0.3419 [Ry]

up State   Eigenv.[Ry]      Eigenv.[eV]    Occup.     Repr.   Spin_z [hbar]

    1        -0.829637       -11.287872    1.0000        1      0.9747
    2        -0.828607       -11.273860    1.0000        1     -0.9744
    3        -0.610695        -8.309000    1.0000        1      0.4535
    4        -0.610374        -8.304623    1.0000        1     -0.4444
    5        -0.563640        -7.668768    1.0000        1      0.0917
    6        -0.563528        -7.667246    1.0000        1     -0.0850
    7        -0.498415        -6.781331    1.0000        1      0.1338
    8        -0.498246        -6.779040    1.0000        1     -0.1442
    9        -0.459631        -6.253642    1.0000        1      0.6479
   10        -0.459277        -6.248835    1.0000        1     -0.6503
   11        -0.452897        -6.162029    1.0000        1      0.5548
   12        -0.452621        -6.158267    1.0000        1     -0.5583
   13        -0.170552        -2.320496    0.0000        1      0.4840
   14        -0.169581        -2.307281    0.0000        1     -0.4849
   15         0.064160         0.872944    0.0000        1      0.0030
   16         0.065101         0.885757    0.0000        1      0.0019
   17         0.115388         1.569948    0.0000        1     -0.0015
   18         0.116286         1.582160    0.0000        1     -0.0034
   19         0.471038         6.408851    0.0000        1      0.6633
   20         0.479651         6.526035    0.0000        1     -0.6552
   21         0.543027         7.388315    0.0000        1      0.1001
   22         0.548143         7.457931    0.0000        1     -0.0839
   23         0.581266         7.908592    0.0000        1      0.0946
   24         0.588484         8.006797    0.0000        1     -0.4086
   25         0.596678         8.118280    0.0000        1      0.0491
   26         0.604264         8.221498    0.0000        1      0.2347
   27         0.668381         9.093855    0.0000        1      0.6365
   28         0.676612         9.205854    0.0000        1     -0.4837
   29         0.689060         9.375209    0.0000        1      0.0662
   30         0.699687         9.519796    0.0000        1     -0.1924
   31         0.984122        13.389772    0.0000        1     -0.0834
   32         0.989495        13.462868    0.0000        1      0.3994
   33         1.001120        13.621034    0.0000        1     -0.4386
   34         1.003785        13.657301    0.0000        1     -0.1146
   35         1.007007        13.701139    0.0000        1      0.4167
   36         1.012287        13.772969    0.0000        1     -0.1590
   37         1.021183        13.894012    0.0000        1     -0.3767
   38         1.040337        14.154615    0.0000        1      0.2928
   39         1.090951        14.843257    0.0000        1      0.0062
   40         1.121189        15.254673    0.0000        1     -0.2154


 Max and min values of charge density [e/bohr^3]:   0.2576E+00   0.6190E-06   up

 Max and min values of charge density [e/bohr^3]:   0.2577E+00   0.6363E-06   dn

 Hartree potential time [sec]:       0.01


   Eigenvalue Energy             =          -6.82756737 [Ry]
   Hartree Energy                =          72.78513658 [Ry]
   Integral_{Vxc*rho}            =         -14.40344077 [Ry]
   Exc = Integral{eps_xc*rho}    =         -11.00559551 [Ry]
   Electron-Ion energy           =        -132.10131569 [Ry]
   Ion-Ion Energy                =           7.61245675 [Ry]
   (E(new)-E(old))/atom  =            -0.80616107 [eV]

   Total Energy =           -68.33958966 [Ry]
   Energy/atom  =          -464.90739448 [eV]


  0-  2 up SRE of pot. & charge weighted pot =   0.2454901411    0.0264443089


  0-  2 dn SRE of pot. & charge weighted pot =   0.2468864066    0.0259136534

  SPIN UP
 Number of converged eigen-pairs per representation:          40
 Number of matrix-vector multiplications:          657
 Cumulated number of matrix-vector mult. =         3004

 Diagonalization time [sec] :       0.25,      tdiag_sum =        1.48


 Spin-Orbit: each state has a magnetic moment!
    Spin is not a good quantum number here!
 ---------------------------------------------
 Net magnetic moment (in Bohr magnetons):   -0.00

 Fermi level at    -0.3584 [Ry]

up State   Eigenv.[Ry]      Eigenv.[eV]    Occup.     Repr.   Spin_z [hbar]

    1        -0.827176       -11.254390    1.0000        1      0.9746
    2        -0.826266       -11.242016    1.0000        1     -0.9743
    3        -0.605883        -8.243523    1.0000        1      0.4590
    4        -0.605656        -8.240430    1.0000        1     -0.4519
    5        -0.559641        -7.614365    1.0000        1      0.0428
    6        -0.559573        -7.613436    1.0000        1     -0.0364
    7        -0.493971        -6.720866    1.0000        1      0.1542
    8        -0.493877        -6.719592    1.0000        1     -0.1627
    9        -0.455075        -6.191666    1.0000        1      0.7160
   10        -0.454811        -6.188072    1.0000        1     -0.7172
   11        -0.449950        -6.121924    1.0000        1      0.8562
   12        -0.449816        -6.120105    1.0000        1     -0.8604
   13        -0.169058        -2.300167    0.0000        1      0.9747
   14        -0.168781        -2.296398    0.0000        1     -0.9747
   15         0.065061         0.885209    0.0000        1      0.0262
   16         0.065114         0.885935    0.0000        1     -0.0327
   17         0.115369         1.569693    0.0000        1     -0.0000
   18         0.115477         1.571158    0.0000        1      0.0066
   19         0.468981         6.380856    0.0000        1      0.7881
   20         0.469525         6.388267    0.0000        1     -0.7898
   21         0.540715         7.356862    0.0000        1      0.4835
   22         0.541258         7.364242    0.0000        1     -0.4812
   23         0.580872         7.903225    0.0000        1      0.0012
   24         0.581715         7.914701    0.0000        1     -0.0444
   25         0.592534         8.061901    0.0000        1      0.0298
   26         0.593605         8.076476    0.0000        1      0.0153
   27         0.665542         9.055231    0.0000        1      0.7017
   28         0.666557         9.069046    0.0000        1     -0.6753
   29         0.683709         9.302402    0.0000        1     -0.2396
   30         0.685362         9.324894    0.0000        1      0.2114
   31         0.978966        13.319612    0.0000        1     -0.2163
   32         0.982446        13.366965    0.0000        1      0.4314
   33         0.994729        13.534080    0.0000        1      0.2088
   34         0.999812        13.603245    0.0000        1     -0.1642
   35         1.002594        13.641098    0.0000        1      0.1612
   36         1.005089        13.675043    0.0000        1     -0.3787
   37         1.010765        13.752262    0.0000        1      0.0275
   38         1.024812        13.943381    0.0000        1      0.0419
   39         1.037887        14.121281    0.0000        1      0.3380
   40         1.048018        14.259125    0.0000        1     -0.7562


 Max and min values of charge density [e/bohr^3]:   0.2570E+00   0.6397E-06   up

 Max and min values of charge density [e/bohr^3]:   0.2571E+00   0.6414E-06   dn

 Hartree potential time [sec]:       0.01


   Eigenvalue Energy             =          -6.78169489 [Ry]
   Hartree Energy                =          72.73527235 [Ry]
   Integral_{Vxc*rho}            =         -14.39490163 [Ry]
   Exc = Integral{eps_xc*rho}    =         -10.99912867 [Ry]
   Electron-Ion energy           =        -132.07770633 [Ry]
   Ion-Ion Energy                =           7.61245675 [Ry]
   (E(new)-E(old))/atom  =            -0.00920857 [eV]

   Total Energy =           -68.34094328 [Ry]
   Energy/atom  =          -464.91660305 [eV]


  0-  3 up SRE of pot. & charge weighted pot =   0.1598466331    0.0161152480


  0-  3 dn SRE of pot. & charge weighted pot =   0.1606287150    0.0156977274

  SPIN UP
 Number of converged eigen-pairs per representation:          40
 Number of matrix-vector multiplications:          657
 Cumulated number of matrix-vector mult. =         3661

 Diagonalization time [sec] :       0.25,      tdiag_sum =        1.74


 Spin-Orbit: each state has a magnetic moment!
    Spin is not a good quantum number here!
 ---------------------------------------------
 Net magnetic moment (in Bohr magnetons):   -0.00

 Fermi level at    -0.3598 [Ry]

up State   Eigenv.[Ry]      Eigenv.[eV]    Occup.     Repr.   Spin_z [hbar]

    1        -0.825260       -11.228320    1.0000        1      0.9750
    2        -0.824502       -11.218014    1.0000        1     -0.9748
    3        -0.602826        -8.201927    1.0000        1      0.4597
    4        -0.602640        -8.199402    1.0000        1     -0.4538
    5        -0.557073        -7.579424    1.0000        1      0.0471
    6        -0.557016        -7.578654    1.0000        1     -0.0418
    7        -0.491163        -6.682663    1.0000        1      0.1613
    8        -0.491087        -6.681628    1.0000        1     -0.1682
    9        -0.452124        -6.151510    1.0000        1      0.7170
   10        -0.451907        -6.148562    1.0000        1     -0.7177
   11        -0.447913        -6.094212    1.0000        1      0.8587
   12        -0.447806        -6.092759    1.0000        1     -0.8625
   13        -0.167766        -2.282596    0.0000        1      0.9780
   14        -0.167547        -2.279618    0.0000        1     -0.9780
   15         0.066124         0.899671    0.0000        1      0.0165
   16         0.066172         0.900319    0.0000        1     -0.0227
   17         0.116339         1.582882    0.0000        1     -0.0004
   18         0.116378         1.583412    0.0000        1      0.0067
   19         0.469663         6.390142    0.0000        1      0.9157
   20         0.469726         6.390991    0.0000        1     -0.9159
   21         0.541333         7.365272    0.0000        1      0.8360
   22         0.541469         7.367116    0.0000        1     -0.8359
   23         0.581522         7.912069    0.0000        1     -0.0551
   24         0.581678         7.914201    0.0000        1      0.0440
   25         0.593024         8.068567    0.0000        1      0.0187
   26         0.593247         8.071602    0.0000        1     -0.0071
   27         0.665892         9.059990    0.0000        1      0.7182
   28         0.666055         9.062209    0.0000        1     -0.7126
   29         0.683940         9.305548    0.0000        1     -0.1570
   30         0.684237         9.309594    0.0000        1      0.1508
   31         0.976568        13.286990    0.0000        1     -0.2083
   32         0.979709        13.329718    0.0000        1      0.3710
   33         0.992663        13.505981    0.0000        1      0.2477
   34         0.997797        13.575832    0.0000        1     -0.2924
   35         1.001455        13.625601    0.0000        1      0.0709
   36         1.004179        13.662664    0.0000        1     -0.5256
   37         1.006170        13.689745    0.0000        1      0.2735
   38         1.018471        13.857117    0.0000        1      0.1665
   39         1.025112        13.947464    0.0000        1      0.3550
   40         1.036416        14.101269    0.0000        1     -0.8415


 Max and min values of charge density [e/bohr^3]:   0.2568E+00   0.6442E-06   up

 Max and min values of charge density [e/bohr^3]:   0.2568E+00   0.6439E-06   dn

 Hartree potential time [sec]:       0.01


   Eigenvalue Energy             =          -6.75131755 [Ry]
   Hartree Energy                =          72.70151690 [Ry]
   Integral_{Vxc*rho}            =         -14.38879191 [Ry]
   Exc = Integral{eps_xc*rho}    =         -10.99449736 [Ry]
   Electron-Ion energy           =        -132.05881680 [Ry]
   Ion-Ion Energy                =           7.61245675 [Ry]
   (E(new)-E(old))/atom  =            -0.00061220 [eV]

   Total Energy =           -68.34103327 [Ry]
   Energy/atom  =          -464.91721525 [eV]


  0-  4 up SRE of pot. & charge weighted pot =   0.1088183054    0.0099576045


  0-  4 dn SRE of pot. & charge weighted pot =   0.1098136806    0.0096121599

  SPIN UP
 Number of converged eigen-pairs per representation:          40
 Number of matrix-vector multiplications:          657
 Cumulated number of matrix-vector mult. =         4318

 Diagonalization time [sec] :       0.26,      tdiag_sum =        2.00


 Spin-Orbit: each state has a magnetic moment!
    Spin is not a good quantum number here!
 ---------------------------------------------
 Net magnetic moment (in Bohr magnetons):   -0.00

 Fermi level at    -0.3598 [Ry]

up State   Eigenv.[Ry]      Eigenv.[eV]    Occup.     Repr.   Spin_z [hbar]

    1        -0.824309       -11.215387    1.0000        1      0.9752
    2        -0.823665       -11.206616    1.0000        1     -0.9750
    3        -0.601476        -8.183563    1.0000        1      0.4610
    4        -0.601319        -8.181430    1.0000        1     -0.4560
    5        -0.555951        -7.564161    1.0000        1      0.0519
    6        -0.555903        -7.563502    1.0000        1     -0.0475
    7        -0.489943        -6.666073    1.0000        1      0.1671
    8        -0.489879        -6.665199    1.0000        1     -0.1729
    9        -0.450808        -6.133601    1.0000        1      0.7170
   10        -0.450626        -6.131134    1.0000        1     -0.7174
   11        -0.446957        -6.081212    1.0000        1      0.8583
   12        -0.446868        -6.079992    1.0000        1     -0.8617
   13        -0.167141        -2.274081    0.0000        1      0.9779
   14        -0.166958        -2.271597    0.0000        1     -0.9779
   15         0.066702         0.907530    0.0000        1      0.0150
   16         0.066744         0.908099    0.0000        1     -0.0206
   17         0.116882         1.590268    0.0000        1      0.0002
   18         0.116914         1.590702    0.0000        1      0.0054
   19         0.470152         6.396788    0.0000        1      0.9614
   20         0.470177         6.397139    0.0000        1     -0.9613
   21         0.541858         7.372406    0.0000        1      0.8574
   22         0.541962         7.373820    0.0000        1     -0.8575
   23         0.581981         7.918323    0.0000        1     -0.0554
   24         0.582113         7.920117    0.0000        1      0.0479
   25         0.593494         8.074956    0.0000        1      0.0138
   26         0.593623         8.076721    0.0000        1     -0.0061
   27         0.666291         9.065425    0.0000        1      0.5839
   28         0.666327         9.065914    0.0000        1     -0.5822
   29         0.684328         9.310828    0.0000        1      0.2235
   30         0.684381         9.311550    0.0000        1     -0.2254
   31         0.974079        13.253131    0.0000        1     -0.2335
   32         0.977676        13.302067    0.0000        1      0.3378
   33         0.990864        13.481497    0.0000        1      0.0476
   34         0.995896        13.549964    0.0000        1     -0.1173
   35         1.000539        13.613139    0.0000        1      0.0364
   36         1.003904        13.658915    0.0000        1     -0.6686
   37         1.005303        13.677958    0.0000        1      0.4047
   38         1.013743        13.792784    0.0000        1      0.2404
   39         1.022654        13.914024    0.0000        1      0.3712
   40         1.033771        14.065287    0.0000        1     -0.8590


 Max and min values of charge density [e/bohr^3]:   0.2567E+00   0.6453E-06   up

 Max and min values of charge density [e/bohr^3]:   0.2567E+00   0.6449E-06   dn

 Hartree potential time [sec]:       0.01


   Eigenvalue Energy             =          -6.73770525 [Ry]
   Hartree Energy                =          72.68869258 [Ry]
   Integral_{Vxc*rho}            =         -14.38639672 [Ry]
   Exc = Integral{eps_xc*rho}    =         -10.99268130 [Ry]
   Electron-Ion energy           =        -132.05119716 [Ry]
   Ion-Ion Energy                =           7.61245675 [Ry]
   (E(new)-E(old))/atom  =            -0.00011614 [eV]

   Total Energy =           -68.34105035 [Ry]
   Energy/atom  =          -464.91733139 [eV]


  0-  5 up SRE of pot. & charge weighted pot =   0.0853221307    0.0075089935


  0-  5 dn SRE of pot. & charge weighted pot =   0.0863404828    0.0072190516

  SPIN UP
 Number of converged eigen-pairs per representation:          40
 Number of matrix-vector multiplications:          657
 Cumulated number of matrix-vector mult. =         4975

 Diagonalization time [sec] :       0.25,      tdiag_sum =        2.24


 Spin-Orbit: each state has a magnetic moment!
    Spin is not a good quantum number here!
 ---------------------------------------------
 Net magnetic moment (in Bohr magnetons):   -0.00

 Fermi level at    -0.3595 [Ry]

up State   Eigenv.[Ry]      Eigenv.[eV]    Occup.     Repr.   Spin_z [hbar]

    1        -0.823599       -11.205728    1.0000        1      0.9754
    2        -0.823068       -11.198495    1.0000        1     -0.9752
    3        -0.600481        -8.170029    1.0000        1      0.4622
    4        -0.600353        -8.168284    1.0000        1     -0.4581
    5        -0.555136        -7.553064    1.0000        1      0.0565
    6        -0.555095        -7.552517    1.0000        1     -0.0530
    7        -0.489055        -6.653984    1.0000        1      0.1726
    8        -0.489002        -6.653268    1.0000        1     -0.1773
    9        -0.449831        -6.120313    1.0000        1      0.7168
   10        -0.449685        -6.118319    1.0000        1     -0.7171
   11        -0.446231        -6.071333    1.0000        1      0.8578
   12        -0.446158        -6.070340    1.0000        1     -0.8607
   13        -0.166639        -2.267256    0.0000        1      0.9778
   14        -0.166491        -2.265246    0.0000        1     -0.9778
   15         0.067174         0.913962    0.0000        1      0.0149
   16         0.067209         0.914427    0.0000        1     -0.0197
   17         0.117331         1.596377    0.0000        1      0.0005
   18         0.117356         1.596727    0.0000        1      0.0043
   19         0.470561         6.402360    0.0000        1      0.9546
   20         0.470581         6.402626    0.0000        1     -0.9545
   21         0.542332         7.378858    0.0000        1      0.8608
   22         0.542419         7.380049    0.0000        1     -0.8609
   23         0.582416         7.924239    0.0000        1     -0.0518
   24         0.582524         7.925704    0.0000        1      0.0458
   25         0.593929         8.080881    0.0000        1      0.0105
   26         0.594028         8.082221    0.0000        1     -0.0046
   27         0.666675         9.070647    0.0000        1      0.0620
   28         0.666691         9.070869    0.0000        1     -0.0614
   29         0.684711         9.316039    0.0000        1      0.6635
   30         0.684733         9.316340    0.0000        1     -0.6642
   31         0.972269        13.228492    0.0000        1     -0.2883
   32         0.975954        13.278629    0.0000        1      0.3499
   33         0.989826        13.467378    0.0000        1     -0.0644
   34         0.994924        13.536735    0.0000        1      0.0072
   35         1.000182        13.608281    0.0000        1      0.0042
   36         1.003920        13.659135    0.0000        1     -0.6844
   37         1.005273        13.677538    0.0000        1      0.4114
   38         1.011434        13.761366    0.0000        1      0.2671
   39         1.021334        13.896073    0.0000        1      0.3706
   40         1.032958        14.054225    0.0000        1     -0.8512


 Max and min values of charge density [e/bohr^3]:   0.2566E+00   0.6461E-06   up

 Max and min values of charge density [e/bohr^3]:   0.2566E+00   0.6458E-06   dn

 Hartree potential time [sec]:       0.01


   Eigenvalue Energy             =          -6.72769502 [Ry]
   Hartree Energy                =          72.68059313 [Ry]
   Integral_{Vxc*rho}            =         -14.38487857 [Ry]
   Exc = Integral{eps_xc*rho}    =         -10.99153007 [Ry]
   Electron-Ion energy           =        -132.04622115 [Ry]
   Ion-Ion Energy                =           7.61245675 [Ry]
   (E(new)-E(old))/atom  =            -0.00005719 [eV]

   Total Energy =           -68.34105875 [Ry]
   Energy/atom  =          -464.91738858 [eV]


  0-  6 up SRE of pot. & charge weighted pot =   0.0670380332    0.0058343527


  0-  6 dn SRE of pot. & charge weighted pot =   0.0679706558    0.0055976061

  SPIN UP
 Number of converged eigen-pairs per representation:          40
 Number of matrix-vector multiplications:          617
 Cumulated number of matrix-vector mult. =         5592

 Diagonalization time [sec] :       0.24,      tdiag_sum =        2.48


 Spin-Orbit: each state has a magnetic moment!
    Spin is not a good quantum number here!
 ---------------------------------------------
 Net magnetic moment (in Bohr magnetons):   -0.00

 Fermi level at    -0.3573 [Ry]

up State   Eigenv.[Ry]      Eigenv.[eV]    Occup.     Repr.   Spin_z [hbar]

    1        -0.821060       -11.171182    1.0000        1      0.9766
    2        -0.821000       -11.170359    1.0000        1     -0.9766
    3        -0.596922        -8.121608    1.0000        1      0.4517
    4        -0.596910        -8.121437    1.0000        1     -0.4513
    5        -0.552225        -7.513469    1.0000        1      0.1231
    6        -0.552218        -7.513368    1.0000        1     -0.1229
    7        -0.485882        -6.610814    1.0000        1      0.2303
    8        -0.485876        -6.610728    1.0000        1     -0.2307
    9        -0.446332        -6.072703    1.0000        1      0.6929
   10        -0.446323        -6.072586    1.0000        1     -0.6929
   11        -0.443600        -6.035527    1.0000        1      0.5974
   12        -0.443596        -6.035473    1.0000        1     -0.5976
   13        -0.164767        -2.241789    0.0000        1      0.9501
   14        -0.164759        -2.241679    0.0000        1     -0.9501
   15         0.068928         0.937826    0.0000        1      0.0191
   16         0.068932         0.937873    0.0000        1     -0.0202
   17         0.119001         1.619109    0.0000        1      0.0009
   18         0.119003         1.619133    0.0000        1      0.0003
   19         0.472076         6.422966    0.0000        1      0.6908
   20         0.472080         6.423027    0.0000        1     -0.6908
   21         0.544130         7.403321    0.0000        1      0.9536
   22         0.544149         7.403576    0.0000        1     -0.9535
   23         0.584079         7.946858    0.0000        1      0.0376
   24         0.584082         7.946899    0.0000        1     -0.0378
   25         0.595588         8.103449    0.0000        1      0.0011
   26         0.595590         8.103478    0.0000        1     -0.0009
   27         0.668157         9.090811    0.0000        1     -0.7905
   28         0.668173         9.091029    0.0000        1      0.7898
   29         0.686234         9.336761    0.0000        1     -0.7876
   30         0.686247         9.336935    0.0000        1      0.7882
   31         0.972487        13.231462    0.0000        1     -0.3233
   32         0.975850        13.277222    0.0000        1      0.3624
   33         0.990566        13.477450    0.0000        1     -0.1027
   34         0.995576        13.545607    0.0000        1      0.0550
   35         1.001196        13.622071    0.0000        1     -0.0089
   36         1.005165        13.676070    0.0000        1     -0.6750
   37         1.006469        13.693812    0.0000        1      0.3978
   38         1.011313        13.759726    0.0000        1      0.2705
   39         1.021552        13.899027    0.0000        1      0.3647
   40         1.033958        14.067830    0.0000        1     -0.8417


 Max and min values of charge density [e/bohr^3]:   0.2564E+00   0.6493E-06   up

 Max and min values of charge density [e/bohr^3]:   0.2564E+00   0.6492E-06   dn

 Hartree potential time [sec]:       0.01


   Eigenvalue Energy             =          -6.69194407 [Ry]
   Hartree Energy                =          72.65372982 [Ry]
   Integral_{Vxc*rho}            =         -14.37987153 [Ry]
   Exc = Integral{eps_xc*rho}    =         -10.98773310 [Ry]
   Electron-Ion energy           =        -132.02956075 [Ry]
   Ion-Ion Energy                =           7.61245675 [Ry]
   (E(new)-E(old))/atom  =            -0.00008714 [eV]

   Total Energy =           -68.34107156 [Ry]
   Energy/atom  =          -464.91747572 [eV]


  0-  7 up SRE of pot. & charge weighted pot =   0.0012744861    0.0000914905


  0-  7 dn SRE of pot. & charge weighted pot =   0.0011554347    0.0000856461

 ***************************************************
  Convergence of Spin Orbit Corrected Hamiltonian
 ***************************************************

Time for self-consistent field [sec] :       2.66,    tdiag_sum =        2.48

 Tot. charge (user input) [e] =   0.00000000
 Tot. charge (computed) [e] =  -0.00000000
 Dipole components [Debye]:
 x-component =   1.93296972
 y-component =  -0.00009873
 z-component =   0.00002501

Time for local forces [sec] :       0.00,    tforce_sum =        0.00

 Adding spin-orbit contribution to forces

 Coordinates, forces, torque
 ============================

  symmetrizing forces according to symmetry operations 
             tot.  (net) force [Ry/bohr]:      2.141092    0.000000    0.000000

 coordinates and tot. forces (after setting net force to zero)
-atom-  ----x----   ----y----   ----z-----   ----Fx----  ----Fy----   ----Fz---
                       [bohr]                             [Ry/bohr]            

   1     1.445000    0.000000    0.000000     -1.033452    0.000000    0.000000
   2    -1.445000    0.000000    0.000000      1.033452    0.000000    0.000000

 tot. torque [Ry/radian] :     0.000000    0.000000    0.000000


Time for non-local forces [sec] :       0.02,    tforce_sum =        0.02


Time for movement    0 is [sec]:       2.68

 =================================================================


 =================================================================
 Setup time [sec] :        0.02
 Time spent on Hartree potential [sec] :        0.09
 Time spent on diagonalization [sec] :        2.48
 Time spent on force calc. [sec] :        0.02

 CPU time [sec] :       2.71
 Wall-clock time [sec] :       2.71
 Current date/time: 28-SEP-2026 13:58:05 -0700 UTC

 =================================================================

